src/components/dashboard/skill-gap/components/AIForecastPanel.tsx(3,75): error TS2307: Cannot find module '../../../../ui/card' or its corresponding type declarations.
src/components/dashboard/skill-gap/components/FieldStudyProgress.tsx(3,75): error TS2307: Cannot find module '../../../../ui/card' or its corresponding type declarations.
src/components/dashboard/skill-gap/components/FieldStudyProgress.tsx(4,26): error TS2307: Cannot find module '../../../../ui/progress' or its corresponding type declarations.
src/components/dashboard/skill-gap/components/GapHeatmap.tsx(3,75): error TS2307: Cannot find module '../../../../ui/card' or its corresponding type declarations.
src/components/dashboard/skill-gap/components/GapHeatmap.tsx(4,74): error TS2307: Cannot find module '../../../../ui/tooltip' or its corresponding type declarations.
src/components/dashboard/skill-gap/components/JobRoleTable.tsx(3,58): error TS2307: Cannot find module '../../../../ui/card' or its corresponding type declarations.
src/components/dashboard/skill-gap/components/JobRoleTable.tsx(4,79): error TS2307: Cannot find module '../../../../ui/table' or its corresponding type declarations.
src/components/dashboard/skill-gap/components/JobRoleTable.tsx(5,23): error TS2307: Cannot find module '../../../../ui/badge' or its corresponding type declarations.
src/components/dashboard/skill-gap/components/SectorGapChart.tsx(4,58): error TS2307: Cannot find module '../../../../ui/card' or its corresponding type declarations.
src/components/dashboard/skill-gap/SkillGapTab.tsx(2,1): error TS6133: 'React' is declared but its value is never read.
src/components/dashboard/skill-gap/SkillGapTab.tsx(3,22): error TS2307: Cannot find module '../../../ui/card' or its corresponding type declarations.
src/components/dashboard/skill-gap/SkillGapTab.tsx(4,58): error TS2307: Cannot find module '../../../ui/tabs' or its corresponding type declarations.
src/components/dashboard/skill-index/components/BenchmarkComparison.tsx(3,75): error TS2307: Cannot find module '../../../../ui/card' or its corresponding type declarations.
src/components/dashboard/skill-index/components/DimensionRadar.tsx(3,75): error TS2307: Cannot find module '../../../../ui/card' or its corresponding type declarations.
src/components/dashboard/skill-index/components/DistanceToIdealBars.tsx(3,58): error TS2307: Cannot find module '../../../../ui/card' or its corresponding type declarations.
src/components/dashboard/skill-index/components/DistanceToIdealBars.tsx(4,1): error TS6133: 'Progress' is declared but its value is never read.
src/components/dashboard/skill-index/components/DistanceToIdealBars.tsx(4,26): error TS2307: Cannot find module '../../../../ui/progress' or its corresponding type declarations.
src/components/dashboard/skill-index/components/DistrictHeatmap.tsx(3,75): error TS2307: Cannot find module '../../../../ui/card' or its corresponding type declarations.
src/components/dashboard/skill-index/components/DistrictHeatmap.tsx(4,79): error TS2307: Cannot find module '../../../../ui/table' or its corresponding type declarations.
src/components/dashboard/skill-index/components/DistrictHeatmap.tsx(5,23): error TS2307: Cannot find module '../../../../ui/badge' or its corresponding type declarations.
src/components/dashboard/skill-index/components/IndicatorBreakdown.tsx(3,75): error TS2307: Cannot find module '../../../../ui/card' or its corresponding type declarations.
src/components/dashboard/skill-index/components/IndicatorBreakdown.tsx(5,26): error TS2307: Cannot find module '../../../../ui/progress' or its corresponding type declarations.
src/components/dashboard/skill-index/components/KSIScorecard.tsx(3,35): error TS2307: Cannot find module '../../../../ui/card' or its corresponding type declarations.
src/components/dashboard/skill-index/components/KSIScorecard.tsx(22,61): error TS6133: 'rank' is declared but its value is never read.
src/components/dashboard/skill-index/components/KSIScorecard.tsx(22,67): error TS6133: 'totalDistricts' is declared but its value is never read.
src/components/dashboard/skill-index/components/KSIScorecard.tsx(22,93): error TS6133: 'trend' is declared but its value is never read.
src/components/dashboard/skill-index/SkillIndexTab.tsx(2,1): error TS6133: 'React' is declared but its value is never read.
src/components/dashboard/skill-index/SkillIndexTab.tsx(3,22): error TS2307: Cannot find module '../../../ui/card' or its corresponding type declarations.
src/components/dashboard/skills-intelligence/components/LaborMarketKPIs.tsx(3,35): error TS2307: Cannot find module '../../../../ui/card' or its corresponding type declarations.
src/components/dashboard/skills-intelligence/components/SectorTreemap.tsx(3,75): error TS2307: Cannot find module '../../../../ui/card' or its corresponding type declarations.
src/components/dashboard/skills-intelligence/components/SectorTreemap.tsx(19,11): error TS6133: 'root' is declared but its value is never read.
src/components/dashboard/skills-intelligence/components/SectorTreemap.tsx(19,17): error TS6133: 'depth' is declared but its value is never read.
src/components/dashboard/skills-intelligence/components/SectorTreemap.tsx(19,45): error TS6133: 'index' is declared but its value is never read.
src/components/dashboard/skills-intelligence/components/SectorTreemap.tsx(19,52): error TS6133: 'payload' is declared but its value is never read.
src/components/dashboard/skills-intelligence/components/SectorTreemap.tsx(19,61): error TS6133: 'colors' is declared but its value is never read.
src/components/dashboard/skills-intelligence/components/SectorTreemap.tsx(19,75): error TS6133: 'value' is declared but its value is never read.
src/components/dashboard/skills-intelligence/components/SectorTreemap.tsx(89,13): error TS2322: Type 'SectorNode[]' is not assignable to type 'readonly TreemapDataType[]'.
  Type 'SectorNode' is not assignable to type 'TreemapDataType'.
    Index signature for type 'string' is missing in type 'SectorNode'.
src/components/dashboard/skills-intelligence/components/SupplyDemandChart.tsx(3,75): error TS2307: Cannot find module '../../../../ui/card' or its corresponding type declarations.
src/components/dashboard/skills-intelligence/components/TrainingFunnel.tsx(3,75): error TS2307: Cannot find module '../../../../ui/card' or its corresponding type declarations.
src/components/dashboard/skills-intelligence/components/WageTrendChart.tsx(3,75): error TS2307: Cannot find module '../../../../ui/card' or its corresponding type declarations.
src/components/dashboard/skills-intelligence/SkillsIntelligenceTab.tsx(2,8): error TS6133: 'React' is declared but its value is never read.
src/components/dashboard/skills-intelligence/SkillsIntelligenceTab.tsx(3,22): error TS2307: Cannot find module '../../../ui/card' or its corresponding type declarations.
src/components/dashboard/skills-intelligence/SkillsIntelligenceTab.tsx(4,79): error TS2307: Cannot find module '../../../ui/select' or its corresponding type declarations.
