Total Institutions: 122
NITK Source: User Provided
Canara College Source: undefined
